[INFO] Scanning for projects...
[INFO] 
[INFO] -----------------< com.dreamcatcher:dream-catcher-api >-----------------
[INFO] Building Dream Diary API 0.0.1-SNAPSHOT
[INFO]   from pom.xml
[INFO] --------------------------------[ jar ]---------------------------------
[INFO] 
[INFO] --- clean:3.4.1:clean (default-clean) @ dream-catcher-api ---
[INFO] Deleting C:\Users\Erol\.gemini\antigravity\scratch\dream-diary\backend\target
[INFO] 
[INFO] --- resources:3.3.1:resources (default-resources) @ dream-catcher-api ---
[INFO] Copying 2 resources from src\main\resources to target\classes
[INFO] Copying 1 resource from src\main\resources to target\classes
[INFO] 
[INFO] --- compiler:3.13.0:compile (default-compile) @ dream-catcher-api ---
[INFO] Recompiling the module because of changed source code.
[INFO] Compiling 70 source files with javac [debug parameters release 21] to target\classes
[INFO] Annotation processing is enabled because one or more processors were found
  on the class path. A future release of javac may disable annotation processing
  unless at least one processor is specified by name (-processor), or a search
  path is specified (--processor-path, --processor-module-path), or annotation
  processing is enabled explicitly (-proc:only, -proc:full).
  Use -Xlint:-options to suppress this message.
  Use -proc:none to disable annotation processing.
[INFO] /C:/Users/Erol/.gemini/antigravity/scratch/dream-diary/backend/src/main/java/com/dreamcatcher/ai/OpenAiClient.java: C:\Users\Erol\.gemini\antigravity\scratch\dream-diary\backend\src\main\java\com\dreamcatcher\ai\OpenAiClient.java uses unchecked or unsafe operations.
[INFO] /C:/Users/Erol/.gemini/antigravity/scratch/dream-diary/backend/src/main/java/com/dreamcatcher/ai/OpenAiClient.java: Recompile with -Xlint:unchecked for details.
[INFO] -------------------------------------------------------------
[ERROR] COMPILATION ERROR : 
[INFO] -------------------------------------------------------------
[ERROR] /C:/Users/Erol/.gemini/antigravity/scratch/dream-diary/backend/src/main/java/com/dreamcatcher/DreamDiaryApplication.java:[13,8] class dreamcatcherApplication is public, should be declared in a file named dreamcatcherApplication.java
[ERROR] /C:/Users/Erol/.gemini/antigravity/scratch/dream-diary/backend/src/main/java/com/dreamcatcher/ai/OpenAiClient.java:[34,73] cannot find symbol
  symbol:   method getApiKey()
  location: variable aiProperties of type com.dreamcatcher.config.AiProperties
[ERROR] /C:/Users/Erol/.gemini/antigravity/scratch/dream-diary/backend/src/main/java/com/dreamcatcher/ai/OpenAiClient.java:[41,52] cannot find symbol
  symbol:   method getProvider()
  location: variable aiProperties of type com.dreamcatcher.config.AiProperties
[ERROR] /C:/Users/Erol/.gemini/antigravity/scratch/dream-diary/backend/src/main/java/com/dreamcatcher/ai/OpenAiClient.java:[42,13] cannot find symbol
  symbol:   variable log
  location: class com.dreamcatcher.ai.OpenAiClient
[ERROR] /C:/Users/Erol/.gemini/antigravity/scratch/dream-diary/backend/src/main/java/com/dreamcatcher/ai/OpenAiClient.java:[42,80] cannot find symbol
  symbol:   method getProvider()
  location: variable aiProperties of type com.dreamcatcher.config.AiProperties
[ERROR] /C:/Users/Erol/.gemini/antigravity/scratch/dream-diary/backend/src/main/java/com/dreamcatcher/ai/OpenAiClient.java:[48,38] cannot find symbol
  symbol:   method getModel()
  location: variable aiProperties of type com.dreamcatcher.config.AiProperties
[ERROR] /C:/Users/Erol/.gemini/antigravity/scratch/dream-diary/backend/src/main/java/com/dreamcatcher/ai/OpenAiClient.java:[62,52] cannot find symbol
  symbol:   method getProvider()
  location: variable aiProperties of type com.dreamcatcher.config.AiProperties
[ERROR] /C:/Users/Erol/.gemini/antigravity/scratch/dream-diary/backend/src/main/java/com/dreamcatcher/ai/OpenAiClient.java:[67,38] cannot find symbol
  symbol:   method getModel()
  location: variable aiProperties of type com.dreamcatcher.config.AiProperties
[ERROR] /C:/Users/Erol/.gemini/antigravity/scratch/dream-diary/backend/src/main/java/com/dreamcatcher/ai/OpenAiClient.java:[83,13] cannot find symbol
  symbol:   variable log
  location: class com.dreamcatcher.ai.OpenAiClient
[ERROR] /C:/Users/Erol/.gemini/antigravity/scratch/dream-diary/backend/src/main/java/com/dreamcatcher/ai/OpenAiClient.java:[83,72] cannot find symbol
  symbol:   method getModel()
  location: variable aiProperties of type com.dreamcatcher.config.AiProperties
[ERROR] /C:/Users/Erol/.gemini/antigravity/scratch/dream-diary/backend/src/main/java/com/dreamcatcher/ai/OpenAiClient.java:[103,13] cannot find symbol
  symbol:   variable log
  location: class com.dreamcatcher.ai.OpenAiClient
[ERROR] /C:/Users/Erol/.gemini/antigravity/scratch/dream-diary/backend/src/main/java/com/dreamcatcher/ai/OpenAiClient.java:[112,13] cannot find symbol
  symbol:   variable log
  location: class com.dreamcatcher.ai.OpenAiClient
[ERROR] /C:/Users/Erol/.gemini/antigravity/scratch/dream-diary/backend/src/main/java/com/dreamcatcher/security/JwtAuthFilter.java:[51,13] cannot find symbol
  symbol:   variable log
  location: class com.dreamcatcher.security.JwtAuthFilter
[ERROR] /C:/Users/Erol/.gemini/antigravity/scratch/dream-diary/backend/src/main/java/com/dreamcatcher/security/JwtUtil.java:[26,52] cannot find symbol
  symbol:   method getSecret()
  location: variable jwtProperties of type com.dreamcatcher.config.JwtProperties
[ERROR] /C:/Users/Erol/.gemini/antigravity/scratch/dream-diary/backend/src/main/java/com/dreamcatcher/security/JwtUtil.java:[35,65] cannot find symbol
  symbol:   method getExpirationMs()
  location: variable jwtProperties of type com.dreamcatcher.config.JwtProperties
[ERROR] /C:/Users/Erol/.gemini/antigravity/scratch/dream-diary/backend/src/main/java/com/dreamcatcher/security/JwtUtil.java:[69,13] cannot find symbol
  symbol:   variable log
  location: class com.dreamcatcher.security.JwtUtil
[ERROR] /C:/Users/Erol/.gemini/antigravity/scratch/dream-diary/backend/src/main/java/com/dreamcatcher/service/AuthService.java:[31,9] cannot find symbol
  symbol:   variable log
  location: class com.dreamcatcher.service.AuthService
[ERROR] /C:/Users/Erol/.gemini/antigravity/scratch/dream-diary/backend/src/main/java/com/dreamcatcher/service/AuthService.java:[41,13] cannot find symbol
  symbol:   method setIsGuest(boolean)
  location: variable user of type com.dreamcatcher.entity.User
[ERROR] /C:/Users/Erol/.gemini/antigravity/scratch/dream-diary/backend/src/main/java/com/dreamcatcher/service/AuthService.java:[42,13] cannot find symbol
  symbol:   method setEmail(@jakarta.validation.constraints.NotBlank(message="Email is required") java.lang.String)
  location: variable user of type com.dreamcatcher.entity.User
[ERROR] /C:/Users/Erol/.gemini/antigravity/scratch/dream-diary/backend/src/main/java/com/dreamcatcher/service/AuthService.java:[43,13] cannot find symbol
  symbol:   method setAuthProvider(@jakarta.validation.constraints.NotNull(message="Auth provider is required") com.dreamcatcher.enums.AuthProvider)
  location: variable user of type com.dreamcatcher.entity.User
[ERROR] /C:/Users/Erol/.gemini/antigravity/scratch/dream-diary/backend/src/main/java/com/dreamcatcher/service/AuthService.java:[44,13] cannot find symbol
  symbol:   method setAuthProviderId(@jakarta.validation.constraints.NotBlank(message="Provider ID is required") java.lang.String)
  location: variable user of type com.dreamcatcher.entity.User
[ERROR] /C:/Users/Erol/.gemini/antigravity/scratch/dream-diary/backend/src/main/java/com/dreamcatcher/service/AuthService.java:[47,17] cannot find symbol
  symbol:   method setDisplayName(java.lang.String)
  location: variable user of type com.dreamcatcher.entity.User
[ERROR] /C:/Users/Erol/.gemini/antigravity/scratch/dream-diary/backend/src/main/java/com/dreamcatcher/service/AuthService.java:[53,50] cannot find symbol
  symbol:   method getId()
  location: variable user of type com.dreamcatcher.entity.User
[ERROR] /C:/Users/Erol/.gemini/antigravity/scratch/dream-diary/backend/src/main/java/com/dreamcatcher/service/AuthService.java:[55,9] cannot find symbol
  symbol:   variable log
  location: class com.dreamcatcher.service.AuthService
[ERROR] /C:/Users/Erol/.gemini/antigravity/scratch/dream-diary/backend/src/main/java/com/dreamcatcher/service/AuthService.java:[55,78] cannot find symbol
  symbol:   method getId()
  location: variable user of type com.dreamcatcher.entity.User
[ERROR] /C:/Users/Erol/.gemini/antigravity/scratch/dream-diary/backend/src/main/java/com/dreamcatcher/service/AuthService.java:[57,28] cannot find symbol
  symbol:   method builder()
  location: class com.dreamcatcher.dto.response.AuthResponse
[ERROR] /C:/Users/Erol/.gemini/antigravity/scratch/dream-diary/backend/src/main/java/com/dreamcatcher/service/AuthService.java:[59,29] cannot find symbol
  symbol:   method getId()
  location: variable user of type com.dreamcatcher.entity.User
[ERROR] /C:/Users/Erol/.gemini/antigravity/scratch/dream-diary/backend/src/main/java/com/dreamcatcher/service/AuthService.java:[60,28] cannot find symbol
  symbol:   method getEmail()
  location: variable user of type com.dreamcatcher.entity.User
[ERROR] /C:/Users/Erol/.gemini/antigravity/scratch/dream-diary/backend/src/main/java/com/dreamcatcher/service/AuthService.java:[61,34] cannot find symbol
  symbol:   method getDisplayName()
  location: variable user of type com.dreamcatcher.entity.User
[ERROR] /C:/Users/Erol/.gemini/antigravity/scratch/dream-diary/backend/src/main/java/com/dreamcatcher/service/DailyActivityService.java:[44,9] cannot find symbol
  symbol:   variable log
  location: class com.dreamcatcher.service.DailyActivityService
[ERROR] /C:/Users/Erol/.gemini/antigravity/scratch/dream-diary/backend/src/main/java/com/dreamcatcher/service/DailyActivityService.java:[58,21] cannot find symbol
  symbol:   method setActivityType(@jakarta.validation.constraints.NotNull(message="Activity type is required") com.dreamcatcher.enums.ActivityType)
  location: variable activity of type com.dreamcatcher.entity.DailyActivity
[ERROR] /C:/Users/Erol/.gemini/antigravity/scratch/dream-diary/backend/src/main/java/com/dreamcatcher/service/DailyActivityService.java:[59,21] cannot find symbol
  symbol:   method setGoalText(@jakarta.validation.constraints.Size(max=500, message="Goal text must not exceed 500 characters") java.lang.String)
  location: variable activity of type com.dreamcatcher.entity.DailyActivity
[ERROR] /C:/Users/Erol/.gemini/antigravity/scratch/dream-diary/backend/src/main/java/com/dreamcatcher/service/DailyActivityService.java:[63,37] cannot find symbol
  symbol:   method builder()
  location: class com.dreamcatcher.entity.DailyActivity
[ERROR] /C:/Users/Erol/.gemini/antigravity/scratch/dream-diary/backend/src/main/java/com/dreamcatcher/service/DailyActivityService.java:[78,9] cannot find symbol
  symbol:   variable log
  location: class com.dreamcatcher.service.DailyActivityService
[ERROR] /C:/Users/Erol/.gemini/antigravity/scratch/dream-diary/backend/src/main/java/com/dreamcatcher/service/DailyActivityService.java:[78,61] cannot find symbol
  symbol:   method getId()
  location: variable activity of type com.dreamcatcher.entity.DailyActivity
[ERROR] /C:/Users/Erol/.gemini/antigravity/scratch/dream-diary/backend/src/main/java/com/dreamcatcher/service/DailyActivityService.java:[78,79] cannot find symbol
  symbol:   method getActivityType()
  location: variable activity of type com.dreamcatcher.entity.DailyActivity
[ERROR] /C:/Users/Erol/.gemini/antigravity/scratch/dream-diary/backend/src/main/java/com/dreamcatcher/service/DailyActivityService.java:[109,47] cannot find symbol
  symbol:   method builder()
  location: class com.dreamcatcher.entity.DailyActivity
[ERROR] /C:/Users/Erol/.gemini/antigravity/scratch/dream-diary/backend/src/main/java/com/dreamcatcher/service/DailyActivityService.java:[140,21] cannot find symbol
  symbol:   method setDream(com.dreamcatcher.entity.Dream)
  location: variable activity of type com.dreamcatcher.entity.DailyActivity
[ERROR] /C:/Users/Erol/.gemini/antigravity/scratch/dream-diary/backend/src/main/java/com/dreamcatcher/service/DailyActivityService.java:[146,25] cannot find symbol
  symbol:   method getId()
  location: variable activity of type com.dreamcatcher.entity.DailyActivity
[ERROR] /C:/Users/Erol/.gemini/antigravity/scratch/dream-diary/backend/src/main/java/com/dreamcatcher/service/DailyActivityService.java:[147,25] cannot find symbol
  symbol:   method getClientId()
  location: variable activity of type com.dreamcatcher.entity.DailyActivity
[ERROR] /C:/Users/Erol/.gemini/antigravity/scratch/dream-diary/backend/src/main/java/com/dreamcatcher/service/DailyActivityService.java:[148,25] cannot find symbol
  symbol:   method getActivityDate()
  location: variable activity of type com.dreamcatcher.entity.DailyActivity
[ERROR] /C:/Users/Erol/.gemini/antigravity/scratch/dream-diary/backend/src/main/java/com/dreamcatcher/service/DailyActivityService.java:[149,25] cannot find symbol
  symbol:   method getActivityType()
  location: variable activity of type com.dreamcatcher.entity.DailyActivity
[ERROR] /C:/Users/Erol/.gemini/antigravity/scratch/dream-diary/backend/src/main/java/com/dreamcatcher/service/DailyActivityService.java:[150,25] cannot find symbol
  symbol:   method getDream()
  location: variable activity of type com.dreamcatcher.entity.DailyActivity
[ERROR] /C:/Users/Erol/.gemini/antigravity/scratch/dream-diary/backend/src/main/java/com/dreamcatcher/service/DailyActivityService.java:[150,55] cannot find symbol
  symbol:   method getDream()
  location: variable activity of type com.dreamcatcher.entity.DailyActivity
[ERROR] /C:/Users/Erol/.gemini/antigravity/scratch/dream-diary/backend/src/main/java/com/dreamcatcher/service/DailyActivityService.java:[151,25] cannot find symbol
  symbol:   method getGoalText()
  location: variable activity of type com.dreamcatcher.entity.DailyActivity
[ERROR] /C:/Users/Erol/.gemini/antigravity/scratch/dream-diary/backend/src/main/java/com/dreamcatcher/service/DailyActivityService.java:[152,25] cannot find symbol
  symbol:   method getCreatedAt()
  location: variable activity of type com.dreamcatcher.entity.DailyActivity
[ERROR] /C:/Users/Erol/.gemini/antigravity/scratch/dream-diary/backend/src/main/java/com/dreamcatcher/service/StreakService.java:[39,40] cannot find symbol
  symbol:   method getLastActivityDate()
  location: variable streak of type com.dreamcatcher.entity.Streak
[ERROR] /C:/Users/Erol/.gemini/antigravity/scratch/dream-diary/backend/src/main/java/com/dreamcatcher/service/StreakService.java:[43,13] cannot find symbol
  symbol:   variable log
  location: class com.dreamcatcher.service.StreakService
[ERROR] /C:/Users/Erol/.gemini/antigravity/scratch/dream-diary/backend/src/main/java/com/dreamcatcher/service/StreakService.java:[49,43] cannot find symbol
  symbol:   method getCurrentStreak()
  location: variable streak of type com.dreamcatcher.entity.Streak
[ERROR] /C:/Users/Erol/.gemini/antigravity/scratch/dream-diary/backend/src/main/java/com/dreamcatcher/service/StreakService.java:[52,19] cannot find symbol
  symbol:   method setCurrentStreak(int)
  location: variable streak of type com.dreamcatcher.entity.Streak
[ERROR] /C:/Users/Erol/.gemini/antigravity/scratch/dream-diary/backend/src/main/java/com/dreamcatcher/service/StreakService.java:[56,19] cannot find symbol
  symbol:   method getCurrentStreak()
  location: variable streak of type com.dreamcatcher.entity.Streak
[ERROR] /C:/Users/Erol/.gemini/antigravity/scratch/dream-diary/backend/src/main/java/com/dreamcatcher/service/StreakService.java:[56,47] cannot find symbol
  symbol:   method getLongestStreak()
  location: variable streak of type com.dreamcatcher.entity.Streak
[ERROR] /C:/Users/Erol/.gemini/antigravity/scratch/dream-diary/backend/src/main/java/com/dreamcatcher/service/StreakService.java:[57,43] cannot find symbol
  symbol:   method getCurrentStreak()
  location: variable streak of type com.dreamcatcher.entity.Streak
[ERROR] /C:/Users/Erol/.gemini/antigravity/scratch/dream-diary/backend/src/main/java/com/dreamcatcher/service/StreakService.java:[60,15] cannot find symbol
  symbol:   method setLastActivityDate(java.time.LocalDate)
  location: variable streak of type com.dreamcatcher.entity.Streak
[ERROR] /C:/Users/Erol/.gemini/antigravity/scratch/dream-diary/backend/src/main/java/com/dreamcatcher/service/StreakService.java:[63,9] cannot find symbol
  symbol:   variable log
  location: class com.dreamcatcher.service.StreakService
[ERROR] /C:/Users/Erol/.gemini/antigravity/scratch/dream-diary/backend/src/main/java/com/dreamcatcher/service/StreakService.java:[64,31] cannot find symbol
  symbol:   method getCurrentStreak()
  location: variable streak of type com.dreamcatcher.entity.Streak
[ERROR] /C:/Users/Erol/.gemini/antigravity/scratch/dream-diary/backend/src/main/java/com/dreamcatcher/service/StreakService.java:[64,58] cannot find symbol
  symbol:   method getLongestStreak()
  location: variable streak of type com.dreamcatcher.entity.Streak
[ERROR] /C:/Users/Erol/.gemini/antigravity/scratch/dream-diary/backend/src/main/java/com/dreamcatcher/service/StreakService.java:[73,37] cannot find symbol
  symbol:   method getLastActivityDate()
  location: variable streak of type com.dreamcatcher.entity.Streak
[ERROR] /C:/Users/Erol/.gemini/antigravity/scratch/dream-diary/backend/src/main/java/com/dreamcatcher/service/StreakService.java:[74,26] cannot find symbol
  symbol:   method getLastActivityDate()
  location: variable streak of type com.dreamcatcher.entity.Streak
[ERROR] /C:/Users/Erol/.gemini/antigravity/scratch/dream-diary/backend/src/main/java/com/dreamcatcher/service/StreakService.java:[77,23] cannot find symbol
  symbol:   method getCurrentStreak()
  location: variable streak of type com.dreamcatcher.entity.Streak
[ERROR] /C:/Users/Erol/.gemini/antigravity/scratch/dream-diary/backend/src/main/java/com/dreamcatcher/service/StreakService.java:[78,23] cannot find symbol
  symbol:   method getLongestStreak()
  location: variable streak of type com.dreamcatcher.entity.Streak
[ERROR] /C:/Users/Erol/.gemini/antigravity/scratch/dream-diary/backend/src/main/java/com/dreamcatcher/service/StreakService.java:[79,23] cannot find symbol
  symbol:   method getLastActivityDate()
  location: variable streak of type com.dreamcatcher.entity.Streak
[ERROR] /C:/Users/Erol/.gemini/antigravity/scratch/dream-diary/backend/src/main/java/com/dreamcatcher/service/StreakService.java:[92,46] cannot find symbol
  symbol:   method builder()
  location: class com.dreamcatcher.entity.Streak
[ERROR] /C:/Users/Erol/.gemini/antigravity/scratch/dream-diary/backend/src/main/java/com/dreamcatcher/service/UserService.java:[48,9] cannot find symbol
  symbol:   variable log
  location: class com.dreamcatcher.service.UserService
[ERROR] /C:/Users/Erol/.gemini/antigravity/scratch/dream-diary/backend/src/main/java/com/dreamcatcher/service/UserService.java:[54,29] cannot find symbol
  symbol:   method getFreeTrialUsed()
  location: variable d of type com.dreamcatcher.entity.Device
[ERROR] /C:/Users/Erol/.gemini/antigravity/scratch/dream-diary/backend/src/main/java/com/dreamcatcher/service/UserService.java:[55,24] incompatible types: java.lang.Object cannot be converted to boolean
[ERROR] /C:/Users/Erol/.gemini/antigravity/scratch/dream-diary/backend/src/main/java/com/dreamcatcher/service/UserService.java:[58,25] cannot find symbol
  symbol:   method builder()
  location: class com.dreamcatcher.entity.User
[ERROR] /C:/Users/Erol/.gemini/antigravity/scratch/dream-diary/backend/src/main/java/com/dreamcatcher/service/UserService.java:[73,23] cannot find symbol
  symbol:   method setUser(com.dreamcatcher.entity.User)
  location: variable device of type com.dreamcatcher.entity.Device
[ERROR] /C:/Users/Erol/.gemini/antigravity/scratch/dream-diary/backend/src/main/java/com/dreamcatcher/service/UserService.java:[74,23] cannot find symbol
  symbol:   method setLastSeenAt(java.time.LocalDateTime)
  location: variable device of type com.dreamcatcher.entity.Device
[ERROR] /C:/Users/Erol/.gemini/antigravity/scratch/dream-diary/backend/src/main/java/com/dreamcatcher/service/UserService.java:[75,23] cannot find symbol
  symbol:   method setAppVersion(java.lang.String)
  location: variable device of type com.dreamcatcher.entity.Device
[ERROR] /C:/Users/Erol/.gemini/antigravity/scratch/dream-diary/backend/src/main/java/com/dreamcatcher/service/UserService.java:[77,32] cannot find symbol
  symbol:   method builder()
  location: class com.dreamcatcher.entity.Device
[ERROR] /C:/Users/Erol/.gemini/antigravity/scratch/dream-diary/backend/src/main/java/com/dreamcatcher/service/UserService.java:[88,23] cannot find symbol
  symbol:   method setFreeTrialUsed(boolean)
  location: variable device of type com.dreamcatcher.entity.Device
[ERROR] /C:/Users/Erol/.gemini/antigravity/scratch/dream-diary/backend/src/main/java/com/dreamcatcher/service/UserService.java:[94,13] cannot find symbol
  symbol:   variable log
  location: class com.dreamcatcher.service.UserService
[ERROR] /C:/Users/Erol/.gemini/antigravity/scratch/dream-diary/backend/src/main/java/com/dreamcatcher/service/UserService.java:[100,24] cannot find symbol
  symbol:   method setUser(com.dreamcatcher.entity.User)
  location: variable existingDev of type com.dreamcatcher.entity.Device
[ERROR] /C:/Users/Erol/.gemini/antigravity/scratch/dream-diary/backend/src/main/java/com/dreamcatcher/service/UserService.java:[101,24] cannot find symbol
  symbol:   method setLastSeenAt(java.time.LocalDateTime)
  location: variable existingDev of type com.dreamcatcher.entity.Device
[ERROR] /C:/Users/Erol/.gemini/antigravity/scratch/dream-diary/backend/src/main/java/com/dreamcatcher/service/UserService.java:[106,31] cannot find symbol
  symbol:   method builder()
  location: class com.dreamcatcher.entity.Streak
[ERROR] /C:/Users/Erol/.gemini/antigravity/scratch/dream-diary/backend/src/main/java/com/dreamcatcher/service/UserService.java:[116,9] cannot find symbol
  symbol:   variable log
  location: class com.dreamcatcher.service.UserService
[ERROR] /C:/Users/Erol/.gemini/antigravity/scratch/dream-diary/backend/src/main/java/com/dreamcatcher/service/UserService.java:[116,64] cannot find symbol
  symbol:   method getId()
  location: variable user of type com.dreamcatcher.entity.User
[ERROR] /C:/Users/Erol/.gemini/antigravity/scratch/dream-diary/backend/src/main/java/com/dreamcatcher/service/UserService.java:[118,50] cannot find symbol
  symbol:   method getId()
  location: variable user of type com.dreamcatcher.entity.User
[ERROR] /C:/Users/Erol/.gemini/antigravity/scratch/dream-diary/backend/src/main/java/com/dreamcatcher/service/UserService.java:[121,21] cannot find symbol
  symbol:   method getId()
  location: variable user of type com.dreamcatcher.entity.User
[ERROR] /C:/Users/Erol/.gemini/antigravity/scratch/dream-diary/backend/src/main/java/com/dreamcatcher/service/UserService.java:[122,21] cannot find symbol
  symbol:   method getGuestToken()
  location: variable user of type com.dreamcatcher.entity.User
[ERROR] /C:/Users/Erol/.gemini/antigravity/scratch/dream-diary/backend/src/main/java/com/dreamcatcher/service/UserService.java:[137,22] invalid method reference
  cannot find symbol
    symbol:   method getCurrentStreak()
    location: class com.dreamcatcher.entity.Streak
[ERROR] /C:/Users/Erol/.gemini/antigravity/scratch/dream-diary/backend/src/main/java/com/dreamcatcher/service/UserService.java:[141,21] cannot find symbol
  symbol:   method getId()
  location: variable user of type com.dreamcatcher.entity.User
[ERROR] /C:/Users/Erol/.gemini/antigravity/scratch/dream-diary/backend/src/main/java/com/dreamcatcher/service/UserService.java:[142,21] cannot find symbol
  symbol:   method getEmail()
  location: variable user of type com.dreamcatcher.entity.User
[ERROR] /C:/Users/Erol/.gemini/antigravity/scratch/dream-diary/backend/src/main/java/com/dreamcatcher/service/UserService.java:[143,21] cannot find symbol
  symbol:   method getDisplayName()
  location: variable user of type com.dreamcatcher.entity.User
[ERROR] /C:/Users/Erol/.gemini/antigravity/scratch/dream-diary/backend/src/main/java/com/dreamcatcher/service/UserService.java:[144,21] cannot find symbol
  symbol:   method getIsGuest()
  location: variable user of type com.dreamcatcher.entity.User
[ERROR] /C:/Users/Erol/.gemini/antigravity/scratch/dream-diary/backend/src/main/java/com/dreamcatcher/service/UserService.java:[145,21] cannot find symbol
  symbol:   method getIsPremium()
  location: variable user of type com.dreamcatcher.entity.User
[ERROR] /C:/Users/Erol/.gemini/antigravity/scratch/dream-diary/backend/src/main/java/com/dreamcatcher/service/UserService.java:[146,21] cannot find symbol
  symbol:   method getPremiumExpiresAt()
  location: variable user of type com.dreamcatcher.entity.User
[ERROR] /C:/Users/Erol/.gemini/antigravity/scratch/dream-diary/backend/src/main/java/com/dreamcatcher/service/UserService.java:[173,49] cannot find symbol
  symbol:   method builder()
  location: class com.dreamcatcher.entity.Notification
[ERROR] /C:/Users/Erol/.gemini/antigravity/scratch/dream-diary/backend/src/main/java/com/dreamcatcher/service/UserService.java:[181,49] cannot find symbol
  symbol:   method builder()
  location: class com.dreamcatcher.entity.Notification
[ERROR] /C:/Users/Erol/.gemini/antigravity/scratch/dream-diary/backend/src/main/java/com/dreamcatcher/service/UserService.java:[189,49] cannot find symbol
  symbol:   method builder()
  location: class com.dreamcatcher.entity.Notification
[ERROR] /C:/Users/Erol/.gemini/antigravity/scratch/dream-diary/backend/src/main/java/com/dreamcatcher/service/DreamService.java:[51,9] cannot find symbol
  symbol:   variable log
  location: class com.dreamcatcher.service.DreamService
[ERROR] /C:/Users/Erol/.gemini/antigravity/scratch/dream-diary/backend/src/main/java/com/dreamcatcher/service/DreamService.java:[67,28] cannot find symbol
  symbol:   method builder()
  location: class com.dreamcatcher.entity.Dream
[ERROR] /C:/Users/Erol/.gemini/antigravity/scratch/dream-diary/backend/src/main/java/com/dreamcatcher/service/DreamService.java:[81,53] cannot find symbol
  symbol:   method getId()
  location: variable dream of type com.dreamcatcher.entity.Dream
[ERROR] /C:/Users/Erol/.gemini/antigravity/scratch/dream-diary/backend/src/main/java/com/dreamcatcher/service/DreamService.java:[81,68] cannot find symbol
  symbol:   method getContent()
  location: variable dream of type com.dreamcatcher.entity.Dream
[ERROR] /C:/Users/Erol/.gemini/antigravity/scratch/dream-diary/backend/src/main/java/com/dreamcatcher/service/DreamService.java:[86,13] cannot find symbol
  symbol:   variable log
  location: class com.dreamcatcher.service.DreamService
[ERROR] /C:/Users/Erol/.gemini/antigravity/scratch/dream-diary/backend/src/main/java/com/dreamcatcher/service/DreamService.java:[90,9] cannot find symbol
  symbol:   variable log
  location: class com.dreamcatcher.service.DreamService
[ERROR] /C:/Users/Erol/.gemini/antigravity/scratch/dream-diary/backend/src/main/java/com/dreamcatcher/service/DreamService.java:[90,61] cannot find symbol
  symbol:   method getId()
  location: variable dream of type com.dreamcatcher.entity.Dream
[ERROR] /C:/Users/Erol/.gemini/antigravity/scratch/dream-diary/backend/src/main/java/com/dreamcatcher/service/DreamService.java:[90,76] cannot find symbol
  symbol:   method getWordCount()
  location: variable dream of type com.dreamcatcher.entity.Dream
[ERROR] /C:/Users/Erol/.gemini/antigravity/scratch/dream-diary/backend/src/main/java/com/dreamcatcher/service/DreamService.java:[114,40] cannot find symbol
  symbol:   method builder()
  location: class com.dreamcatcher.entity.Dream
[INFO] 100 errors 
[INFO] -------------------------------------------------------------
[INFO] ------------------------------------------------------------------------
[INFO] BUILD FAILURE
[INFO] ------------------------------------------------------------------------
[INFO] Total time:  5.404 s
[INFO] Finished at: 2026-03-16T21:45:13+03:00
[INFO] ------------------------------------------------------------------------
[ERROR] Failed to execute goal org.apache.maven.plugins:maven-compiler-plugin:3.13.0:compile (default-compile) on project dream-catcher-api: Compilation failure: Compilation failure: 
[ERROR] /C:/Users/Erol/.gemini/antigravity/scratch/dream-diary/backend/src/main/java/com/dreamcatcher/DreamDiaryApplication.java:[13,8] class dreamcatcherApplication is public, should be declared in a file named dreamcatcherApplication.java
[ERROR] /C:/Users/Erol/.gemini/antigravity/scratch/dream-diary/backend/src/main/java/com/dreamcatcher/ai/OpenAiClient.java:[34,73] cannot find symbol
[ERROR]   symbol:   method getApiKey()
[ERROR]   location: variable aiProperties of type com.dreamcatcher.config.AiProperties
[ERROR] /C:/Users/Erol/.gemini/antigravity/scratch/dream-diary/backend/src/main/java/com/dreamcatcher/ai/OpenAiClient.java:[41,52] cannot find symbol
[ERROR]   symbol:   method getProvider()
[ERROR]   location: variable aiProperties of type com.dreamcatcher.config.AiProperties
[ERROR] /C:/Users/Erol/.gemini/antigravity/scratch/dream-diary/backend/src/main/java/com/dreamcatcher/ai/OpenAiClient.java:[42,13] cannot find symbol
[ERROR]   symbol:   variable log
[ERROR]   location: class com.dreamcatcher.ai.OpenAiClient
[ERROR] /C:/Users/Erol/.gemini/antigravity/scratch/dream-diary/backend/src/main/java/com/dreamcatcher/ai/OpenAiClient.java:[42,80] cannot find symbol
[ERROR]   symbol:   method getProvider()
[ERROR]   location: variable aiProperties of type com.dreamcatcher.config.AiProperties
[ERROR] /C:/Users/Erol/.gemini/antigravity/scratch/dream-diary/backend/src/main/java/com/dreamcatcher/ai/OpenAiClient.java:[48,38] cannot find symbol
[ERROR]   symbol:   method getModel()
[ERROR]   location: variable aiProperties of type com.dreamcatcher.config.AiProperties
[ERROR] /C:/Users/Erol/.gemini/antigravity/scratch/dream-diary/backend/src/main/java/com/dreamcatcher/ai/OpenAiClient.java:[62,52] cannot find symbol
[ERROR]   symbol:   method getProvider()
[ERROR]   location: variable aiProperties of type com.dreamcatcher.config.AiProperties
[ERROR] /C:/Users/Erol/.gemini/antigravity/scratch/dream-diary/backend/src/main/java/com/dreamcatcher/ai/OpenAiClient.java:[67,38] cannot find symbol
[ERROR]   symbol:   method getModel()
[ERROR]   location: variable aiProperties of type com.dreamcatcher.config.AiProperties
[ERROR] /C:/Users/Erol/.gemini/antigravity/scratch/dream-diary/backend/src/main/java/com/dreamcatcher/ai/OpenAiClient.java:[83,13] cannot find symbol
[ERROR]   symbol:   variable log
[ERROR]   location: class com.dreamcatcher.ai.OpenAiClient
[ERROR] /C:/Users/Erol/.gemini/antigravity/scratch/dream-diary/backend/src/main/java/com/dreamcatcher/ai/OpenAiClient.java:[83,72] cannot find symbol
[ERROR]   symbol:   method getModel()
[ERROR]   location: variable aiProperties of type com.dreamcatcher.config.AiProperties
[ERROR] /C:/Users/Erol/.gemini/antigravity/scratch/dream-diary/backend/src/main/java/com/dreamcatcher/ai/OpenAiClient.java:[103,13] cannot find symbol
[ERROR]   symbol:   variable log
[ERROR]   location: class com.dreamcatcher.ai.OpenAiClient
[ERROR] /C:/Users/Erol/.gemini/antigravity/scratch/dream-diary/backend/src/main/java/com/dreamcatcher/ai/OpenAiClient.java:[112,13] cannot find symbol
[ERROR]   symbol:   variable log
[ERROR]   location: class com.dreamcatcher.ai.OpenAiClient
[ERROR] /C:/Users/Erol/.gemini/antigravity/scratch/dream-diary/backend/src/main/java/com/dreamcatcher/security/JwtAuthFilter.java:[51,13] cannot find symbol
[ERROR]   symbol:   variable log
[ERROR]   location: class com.dreamcatcher.security.JwtAuthFilter
[ERROR] /C:/Users/Erol/.gemini/antigravity/scratch/dream-diary/backend/src/main/java/com/dreamcatcher/security/JwtUtil.java:[26,52] cannot find symbol
[ERROR]   symbol:   method getSecret()
[ERROR]   location: variable jwtProperties of type com.dreamcatcher.config.JwtProperties
[ERROR] /C:/Users/Erol/.gemini/antigravity/scratch/dream-diary/backend/src/main/java/com/dreamcatcher/security/JwtUtil.java:[35,65] cannot find symbol
[ERROR]   symbol:   method getExpirationMs()
[ERROR]   location: variable jwtProperties of type com.dreamcatcher.config.JwtProperties
[ERROR] /C:/Users/Erol/.gemini/antigravity/scratch/dream-diary/backend/src/main/java/com/dreamcatcher/security/JwtUtil.java:[69,13] cannot find symbol
[ERROR]   symbol:   variable log
[ERROR]   location: class com.dreamcatcher.security.JwtUtil
[ERROR] /C:/Users/Erol/.gemini/antigravity/scratch/dream-diary/backend/src/main/java/com/dreamcatcher/service/AuthService.java:[31,9] cannot find symbol
[ERROR]   symbol:   variable log
[ERROR]   location: class com.dreamcatcher.service.AuthService
[ERROR] /C:/Users/Erol/.gemini/antigravity/scratch/dream-diary/backend/src/main/java/com/dreamcatcher/service/AuthService.java:[41,13] cannot find symbol
[ERROR]   symbol:   method setIsGuest(boolean)
[ERROR]   location: variable user of type com.dreamcatcher.entity.User
[ERROR] /C:/Users/Erol/.gemini/antigravity/scratch/dream-diary/backend/src/main/java/com/dreamcatcher/service/AuthService.java:[42,13] cannot find symbol
[ERROR]   symbol:   method setEmail(@jakarta.validation.constraints.NotBlank(message="Email is required") java.lang.String)
[ERROR]   location: variable user of type com.dreamcatcher.entity.User
[ERROR] /C:/Users/Erol/.gemini/antigravity/scratch/dream-diary/backend/src/main/java/com/dreamcatcher/service/AuthService.java:[43,13] cannot find symbol
[ERROR]   symbol:   method setAuthProvider(@jakarta.validation.constraints.NotNull(message="Auth provider is required") com.dreamcatcher.enums.AuthProvider)
[ERROR]   location: variable user of type com.dreamcatcher.entity.User
[ERROR] /C:/Users/Erol/.gemini/antigravity/scratch/dream-diary/backend/src/main/java/com/dreamcatcher/service/AuthService.java:[44,13] cannot find symbol
[ERROR]   symbol:   method setAuthProviderId(@jakarta.validation.constraints.NotBlank(message="Provider ID is required") java.lang.String)
[ERROR]   location: variable user of type com.dreamcatcher.entity.User
[ERROR] /C:/Users/Erol/.gemini/antigravity/scratch/dream-diary/backend/src/main/java/com/dreamcatcher/service/AuthService.java:[47,17] cannot find symbol
[ERROR]   symbol:   method setDisplayName(java.lang.String)
[ERROR]   location: variable user of type com.dreamcatcher.entity.User
[ERROR] /C:/Users/Erol/.gemini/antigravity/scratch/dream-diary/backend/src/main/java/com/dreamcatcher/service/AuthService.java:[53,50] cannot find symbol
[ERROR]   symbol:   method getId()
[ERROR]   location: variable user of type com.dreamcatcher.entity.User
[ERROR] /C:/Users/Erol/.gemini/antigravity/scratch/dream-diary/backend/src/main/java/com/dreamcatcher/service/AuthService.java:[55,9] cannot find symbol
[ERROR]   symbol:   variable log
[ERROR]   location: class com.dreamcatcher.service.AuthService
[ERROR] /C:/Users/Erol/.gemini/antigravity/scratch/dream-diary/backend/src/main/java/com/dreamcatcher/service/AuthService.java:[55,78] cannot find symbol
[ERROR]   symbol:   method getId()
[ERROR]   location: variable user of type com.dreamcatcher.entity.User
[ERROR] /C:/Users/Erol/.gemini/antigravity/scratch/dream-diary/backend/src/main/java/com/dreamcatcher/service/AuthService.java:[57,28] cannot find symbol
[ERROR]   symbol:   method builder()
[ERROR]   location: class com.dreamcatcher.dto.response.AuthResponse
[ERROR] /C:/Users/Erol/.gemini/antigravity/scratch/dream-diary/backend/src/main/java/com/dreamcatcher/service/AuthService.java:[59,29] cannot find symbol
[ERROR]   symbol:   method getId()
[ERROR]   location: variable user of type com.dreamcatcher.entity.User
[ERROR] /C:/Users/Erol/.gemini/antigravity/scratch/dream-diary/backend/src/main/java/com/dreamcatcher/service/AuthService.java:[60,28] cannot find symbol
[ERROR]   symbol:   method getEmail()
[ERROR]   location: variable user of type com.dreamcatcher.entity.User
[ERROR] /C:/Users/Erol/.gemini/antigravity/scratch/dream-diary/backend/src/main/java/com/dreamcatcher/service/AuthService.java:[61,34] cannot find symbol
[ERROR]   symbol:   method getDisplayName()
[ERROR]   location: variable user of type com.dreamcatcher.entity.User
[ERROR] /C:/Users/Erol/.gemini/antigravity/scratch/dream-diary/backend/src/main/java/com/dreamcatcher/service/DailyActivityService.java:[44,9] cannot find symbol
[ERROR]   symbol:   variable log
[ERROR]   location: class com.dreamcatcher.service.DailyActivityService
[ERROR] /C:/Users/Erol/.gemini/antigravity/scratch/dream-diary/backend/src/main/java/com/dreamcatcher/service/DailyActivityService.java:[58,21] cannot find symbol
[ERROR]   symbol:   method setActivityType(@jakarta.validation.constraints.NotNull(message="Activity type is required") com.dreamcatcher.enums.ActivityType)
[ERROR]   location: variable activity of type com.dreamcatcher.entity.DailyActivity
[ERROR] /C:/Users/Erol/.gemini/antigravity/scratch/dream-diary/backend/src/main/java/com/dreamcatcher/service/DailyActivityService.java:[59,21] cannot find symbol
[ERROR]   symbol:   method setGoalText(@jakarta.validation.constraints.Size(max=500, message="Goal text must not exceed 500 characters") java.lang.String)
[ERROR]   location: variable activity of type com.dreamcatcher.entity.DailyActivity
[ERROR] /C:/Users/Erol/.gemini/antigravity/scratch/dream-diary/backend/src/main/java/com/dreamcatcher/service/DailyActivityService.java:[63,37] cannot find symbol
[ERROR]   symbol:   method builder()
[ERROR]   location: class com.dreamcatcher.entity.DailyActivity
[ERROR] /C:/Users/Erol/.gemini/antigravity/scratch/dream-diary/backend/src/main/java/com/dreamcatcher/service/DailyActivityService.java:[78,9] cannot find symbol
[ERROR]   symbol:   variable log
[ERROR]   location: class com.dreamcatcher.service.DailyActivityService
[ERROR] /C:/Users/Erol/.gemini/antigravity/scratch/dream-diary/backend/src/main/java/com/dreamcatcher/service/DailyActivityService.java:[78,61] cannot find symbol
[ERROR]   symbol:   method getId()
[ERROR]   location: variable activity of type com.dreamcatcher.entity.DailyActivity
[ERROR] /C:/Users/Erol/.gemini/antigravity/scratch/dream-diary/backend/src/main/java/com/dreamcatcher/service/DailyActivityService.java:[78,79] cannot find symbol
[ERROR]   symbol:   method getActivityType()
[ERROR]   location: variable activity of type com.dreamcatcher.entity.DailyActivity
[ERROR] /C:/Users/Erol/.gemini/antigravity/scratch/dream-diary/backend/src/main/java/com/dreamcatcher/service/DailyActivityService.java:[109,47] cannot find symbol
[ERROR]   symbol:   method builder()
[ERROR]   location: class com.dreamcatcher.entity.DailyActivity
[ERROR] /C:/Users/Erol/.gemini/antigravity/scratch/dream-diary/backend/src/main/java/com/dreamcatcher/service/DailyActivityService.java:[140,21] cannot find symbol
[ERROR]   symbol:   method setDream(com.dreamcatcher.entity.Dream)
[ERROR]   location: variable activity of type com.dreamcatcher.entity.DailyActivity
[ERROR] /C:/Users/Erol/.gemini/antigravity/scratch/dream-diary/backend/src/main/java/com/dreamcatcher/service/DailyActivityService.java:[146,25] cannot find symbol
[ERROR]   symbol:   method getId()
[ERROR]   location: variable activity of type com.dreamcatcher.entity.DailyActivity
[ERROR] /C:/Users/Erol/.gemini/antigravity/scratch/dream-diary/backend/src/main/java/com/dreamcatcher/service/DailyActivityService.java:[147,25] cannot find symbol
[ERROR]   symbol:   method getClientId()
[ERROR]   location: variable activity of type com.dreamcatcher.entity.DailyActivity
[ERROR] /C:/Users/Erol/.gemini/antigravity/scratch/dream-diary/backend/src/main/java/com/dreamcatcher/service/DailyActivityService.java:[148,25] cannot find symbol
[ERROR]   symbol:   method getActivityDate()
[ERROR]   location: variable activity of type com.dreamcatcher.entity.DailyActivity
[ERROR] /C:/Users/Erol/.gemini/antigravity/scratch/dream-diary/backend/src/main/java/com/dreamcatcher/service/DailyActivityService.java:[149,25] cannot find symbol
[ERROR]   symbol:   method getActivityType()
[ERROR]   location: variable activity of type com.dreamcatcher.entity.DailyActivity
[ERROR] /C:/Users/Erol/.gemini/antigravity/scratch/dream-diary/backend/src/main/java/com/dreamcatcher/service/DailyActivityService.java:[150,25] cannot find symbol
[ERROR]   symbol:   method getDream()
[ERROR]   location: variable activity of type com.dreamcatcher.entity.DailyActivity
[ERROR] /C:/Users/Erol/.gemini/antigravity/scratch/dream-diary/backend/src/main/java/com/dreamcatcher/service/DailyActivityService.java:[150,55] cannot find symbol
[ERROR]   symbol:   method getDream()
[ERROR]   location: variable activity of type com.dreamcatcher.entity.DailyActivity
[ERROR] /C:/Users/Erol/.gemini/antigravity/scratch/dream-diary/backend/src/main/java/com/dreamcatcher/service/DailyActivityService.java:[151,25] cannot find symbol
[ERROR]   symbol:   method getGoalText()
[ERROR]   location: variable activity of type com.dreamcatcher.entity.DailyActivity
[ERROR] /C:/Users/Erol/.gemini/antigravity/scratch/dream-diary/backend/src/main/java/com/dreamcatcher/service/DailyActivityService.java:[152,25] cannot find symbol
[ERROR]   symbol:   method getCreatedAt()
[ERROR]   location: variable activity of type com.dreamcatcher.entity.DailyActivity
[ERROR] /C:/Users/Erol/.gemini/antigravity/scratch/dream-diary/backend/src/main/java/com/dreamcatcher/service/StreakService.java:[39,40] cannot find symbol
[ERROR]   symbol:   method getLastActivityDate()
[ERROR]   location: variable streak of type com.dreamcatcher.entity.Streak
[ERROR] /C:/Users/Erol/.gemini/antigravity/scratch/dream-diary/backend/src/main/java/com/dreamcatcher/service/StreakService.java:[43,13] cannot find symbol
[ERROR]   symbol:   variable log
[ERROR]   location: class com.dreamcatcher.service.StreakService
[ERROR] /C:/Users/Erol/.gemini/antigravity/scratch/dream-diary/backend/src/main/java/com/dreamcatcher/service/StreakService.java:[49,43] cannot find symbol
[ERROR]   symbol:   method getCurrentStreak()
[ERROR]   location: variable streak of type com.dreamcatcher.entity.Streak
[ERROR] /C:/Users/Erol/.gemini/antigravity/scratch/dream-diary/backend/src/main/java/com/dreamcatcher/service/StreakService.java:[52,19] cannot find symbol
[ERROR]   symbol:   method setCurrentStreak(int)
[ERROR]   location: variable streak of type com.dreamcatcher.entity.Streak
[ERROR] /C:/Users/Erol/.gemini/antigravity/scratch/dream-diary/backend/src/main/java/com/dreamcatcher/service/StreakService.java:[56,19] cannot find symbol
[ERROR]   symbol:   method getCurrentStreak()
[ERROR]   location: variable streak of type com.dreamcatcher.entity.Streak
[ERROR] /C:/Users/Erol/.gemini/antigravity/scratch/dream-diary/backend/src/main/java/com/dreamcatcher/service/StreakService.java:[56,47] cannot find symbol
[ERROR]   symbol:   method getLongestStreak()
[ERROR]   location: variable streak of type com.dreamcatcher.entity.Streak
[ERROR] /C:/Users/Erol/.gemini/antigravity/scratch/dream-diary/backend/src/main/java/com/dreamcatcher/service/StreakService.java:[57,43] cannot find symbol
[ERROR]   symbol:   method getCurrentStreak()
[ERROR]   location: variable streak of type com.dreamcatcher.entity.Streak
[ERROR] /C:/Users/Erol/.gemini/antigravity/scratch/dream-diary/backend/src/main/java/com/dreamcatcher/service/StreakService.java:[60,15] cannot find symbol
[ERROR]   symbol:   method setLastActivityDate(java.time.LocalDate)
[ERROR]   location: variable streak of type com.dreamcatcher.entity.Streak
[ERROR] /C:/Users/Erol/.gemini/antigravity/scratch/dream-diary/backend/src/main/java/com/dreamcatcher/service/StreakService.java:[63,9] cannot find symbol
[ERROR]   symbol:   variable log
[ERROR]   location: class com.dreamcatcher.service.StreakService
[ERROR] /C:/Users/Erol/.gemini/antigravity/scratch/dream-diary/backend/src/main/java/com/dreamcatcher/service/StreakService.java:[64,31] cannot find symbol
[ERROR]   symbol:   method getCurrentStreak()
[ERROR]   location: variable streak of type com.dreamcatcher.entity.Streak
[ERROR] /C:/Users/Erol/.gemini/antigravity/scratch/dream-diary/backend/src/main/java/com/dreamcatcher/service/StreakService.java:[64,58] cannot find symbol
[ERROR]   symbol:   method getLongestStreak()
[ERROR]   location: variable streak of type com.dreamcatcher.entity.Streak
[ERROR] /C:/Users/Erol/.gemini/antigravity/scratch/dream-diary/backend/src/main/java/com/dreamcatcher/service/StreakService.java:[73,37] cannot find symbol
[ERROR]   symbol:   method getLastActivityDate()
[ERROR]   location: variable streak of type com.dreamcatcher.entity.Streak
[ERROR] /C:/Users/Erol/.gemini/antigravity/scratch/dream-diary/backend/src/main/java/com/dreamcatcher/service/StreakService.java:[74,26] cannot find symbol
[ERROR]   symbol:   method getLastActivityDate()
[ERROR]   location: variable streak of type com.dreamcatcher.entity.Streak
[ERROR] /C:/Users/Erol/.gemini/antigravity/scratch/dream-diary/backend/src/main/java/com/dreamcatcher/service/StreakService.java:[77,23] cannot find symbol
[ERROR]   symbol:   method getCurrentStreak()
[ERROR]   location: variable streak of type com.dreamcatcher.entity.Streak
[ERROR] /C:/Users/Erol/.gemini/antigravity/scratch/dream-diary/backend/src/main/java/com/dreamcatcher/service/StreakService.java:[78,23] cannot find symbol
[ERROR]   symbol:   method getLongestStreak()
[ERROR]   location: variable streak of type com.dreamcatcher.entity.Streak
[ERROR] /C:/Users/Erol/.gemini/antigravity/scratch/dream-diary/backend/src/main/java/com/dreamcatcher/service/StreakService.java:[79,23] cannot find symbol
[ERROR]   symbol:   method getLastActivityDate()
[ERROR]   location: variable streak of type com.dreamcatcher.entity.Streak
[ERROR] /C:/Users/Erol/.gemini/antigravity/scratch/dream-diary/backend/src/main/java/com/dreamcatcher/service/StreakService.java:[92,46] cannot find symbol
[ERROR]   symbol:   method builder()
[ERROR]   location: class com.dreamcatcher.entity.Streak
[ERROR] /C:/Users/Erol/.gemini/antigravity/scratch/dream-diary/backend/src/main/java/com/dreamcatcher/service/UserService.java:[48,9] cannot find symbol
[ERROR]   symbol:   variable log
[ERROR]   location: class com.dreamcatcher.service.UserService
[ERROR] /C:/Users/Erol/.gemini/antigravity/scratch/dream-diary/backend/src/main/java/com/dreamcatcher/service/UserService.java:[54,29] cannot find symbol
[ERROR]   symbol:   method getFreeTrialUsed()
[ERROR]   location: variable d of type com.dreamcatcher.entity.Device
[ERROR] /C:/Users/Erol/.gemini/antigravity/scratch/dream-diary/backend/src/main/java/com/dreamcatcher/service/UserService.java:[55,24] incompatible types: java.lang.Object cannot be converted to boolean
[ERROR] /C:/Users/Erol/.gemini/antigravity/scratch/dream-diary/backend/src/main/java/com/dreamcatcher/service/UserService.java:[58,25] cannot find symbol
[ERROR]   symbol:   method builder()
[ERROR]   location: class com.dreamcatcher.entity.User
[ERROR] /C:/Users/Erol/.gemini/antigravity/scratch/dream-diary/backend/src/main/java/com/dreamcatcher/service/UserService.java:[73,23] cannot find symbol
[ERROR]   symbol:   method setUser(com.dreamcatcher.entity.User)
[ERROR]   location: variable device of type com.dreamcatcher.entity.Device
[ERROR] /C:/Users/Erol/.gemini/antigravity/scratch/dream-diary/backend/src/main/java/com/dreamcatcher/service/UserService.java:[74,23] cannot find symbol
[ERROR]   symbol:   method setLastSeenAt(java.time.LocalDateTime)
[ERROR]   location: variable device of type com.dreamcatcher.entity.Device
[ERROR] /C:/Users/Erol/.gemini/antigravity/scratch/dream-diary/backend/src/main/java/com/dreamcatcher/service/UserService.java:[75,23] cannot find symbol
[ERROR]   symbol:   method setAppVersion(java.lang.String)
[ERROR]   location: variable device of type com.dreamcatcher.entity.Device
[ERROR] /C:/Users/Erol/.gemini/antigravity/scratch/dream-diary/backend/src/main/java/com/dreamcatcher/service/UserService.java:[77,32] cannot find symbol
[ERROR]   symbol:   method builder()
[ERROR]   location: class com.dreamcatcher.entity.Device
[ERROR] /C:/Users/Erol/.gemini/antigravity/scratch/dream-diary/backend/src/main/java/com/dreamcatcher/service/UserService.java:[88,23] cannot find symbol
[ERROR]   symbol:   method setFreeTrialUsed(boolean)
[ERROR]   location: variable device of type com.dreamcatcher.entity.Device
[ERROR] /C:/Users/Erol/.gemini/antigravity/scratch/dream-diary/backend/src/main/java/com/dreamcatcher/service/UserService.java:[94,13] cannot find symbol
[ERROR]   symbol:   variable log
[ERROR]   location: class com.dreamcatcher.service.UserService
[ERROR] /C:/Users/Erol/.gemini/antigravity/scratch/dream-diary/backend/src/main/java/com/dreamcatcher/service/UserService.java:[100,24] cannot find symbol
[ERROR]   symbol:   method setUser(com.dreamcatcher.entity.User)
[ERROR]   location: variable existingDev of type com.dreamcatcher.entity.Device
[ERROR] /C:/Users/Erol/.gemini/antigravity/scratch/dream-diary/backend/src/main/java/com/dreamcatcher/service/UserService.java:[101,24] cannot find symbol
[ERROR]   symbol:   method setLastSeenAt(java.time.LocalDateTime)
[ERROR]   location: variable existingDev of type com.dreamcatcher.entity.Device
[ERROR] /C:/Users/Erol/.gemini/antigravity/scratch/dream-diary/backend/src/main/java/com/dreamcatcher/service/UserService.java:[106,31] cannot find symbol
[ERROR]   symbol:   method builder()
[ERROR]   location: class com.dreamcatcher.entity.Streak
[ERROR] /C:/Users/Erol/.gemini/antigravity/scratch/dream-diary/backend/src/main/java/com/dreamcatcher/service/UserService.java:[116,9] cannot find symbol
[ERROR]   symbol:   variable log
[ERROR]   location: class com.dreamcatcher.service.UserService
[ERROR] /C:/Users/Erol/.gemini/antigravity/scratch/dream-diary/backend/src/main/java/com/dreamcatcher/service/UserService.java:[116,64] cannot find symbol
[ERROR]   symbol:   method getId()
[ERROR]   location: variable user of type com.dreamcatcher.entity.User
[ERROR] /C:/Users/Erol/.gemini/antigravity/scratch/dream-diary/backend/src/main/java/com/dreamcatcher/service/UserService.java:[118,50] cannot find symbol
[ERROR]   symbol:   method getId()
[ERROR]   location: variable user of type com.dreamcatcher.entity.User
[ERROR] /C:/Users/Erol/.gemini/antigravity/scratch/dream-diary/backend/src/main/java/com/dreamcatcher/service/UserService.java:[121,21] cannot find symbol
[ERROR]   symbol:   method getId()
[ERROR]   location: variable user of type com.dreamcatcher.entity.User
[ERROR] /C:/Users/Erol/.gemini/antigravity/scratch/dream-diary/backend/src/main/java/com/dreamcatcher/service/UserService.java:[122,21] cannot find symbol
[ERROR]   symbol:   method getGuestToken()
[ERROR]   location: variable user of type com.dreamcatcher.entity.User
[ERROR] /C:/Users/Erol/.gemini/antigravity/scratch/dream-diary/backend/src/main/java/com/dreamcatcher/service/UserService.java:[137,22] invalid method reference
[ERROR]   cannot find symbol
[ERROR]     symbol:   method getCurrentStreak()
[ERROR]     location: class com.dreamcatcher.entity.Streak
[ERROR] /C:/Users/Erol/.gemini/antigravity/scratch/dream-diary/backend/src/main/java/com/dreamcatcher/service/UserService.java:[141,21] cannot find symbol
[ERROR]   symbol:   method getId()
[ERROR]   location: variable user of type com.dreamcatcher.entity.User
[ERROR] /C:/Users/Erol/.gemini/antigravity/scratch/dream-diary/backend/src/main/java/com/dreamcatcher/service/UserService.java:[142,21] cannot find symbol
[ERROR]   symbol:   method getEmail()
[ERROR]   location: variable user of type com.dreamcatcher.entity.User
[ERROR] /C:/Users/Erol/.gemini/antigravity/scratch/dream-diary/backend/src/main/java/com/dreamcatcher/service/UserService.java:[143,21] cannot find symbol
[ERROR]   symbol:   method getDisplayName()
[ERROR]   location: variable user of type com.dreamcatcher.entity.User
[ERROR] /C:/Users/Erol/.gemini/antigravity/scratch/dream-diary/backend/src/main/java/com/dreamcatcher/service/UserService.java:[144,21] cannot find symbol
[ERROR]   symbol:   method getIsGuest()
[ERROR]   location: variable user of type com.dreamcatcher.entity.User
[ERROR] /C:/Users/Erol/.gemini/antigravity/scratch/dream-diary/backend/src/main/java/com/dreamcatcher/service/UserService.java:[145,21] cannot find symbol
[ERROR]   symbol:   method getIsPremium()
[ERROR]   location: variable user of type com.dreamcatcher.entity.User
[ERROR] /C:/Users/Erol/.gemini/antigravity/scratch/dream-diary/backend/src/main/java/com/dreamcatcher/service/UserService.java:[146,21] cannot find symbol
[ERROR]   symbol:   method getPremiumExpiresAt()
[ERROR]   location: variable user of type com.dreamcatcher.entity.User
[ERROR] /C:/Users/Erol/.gemini/antigravity/scratch/dream-diary/backend/src/main/java/com/dreamcatcher/service/UserService.java:[173,49] cannot find symbol
[ERROR]   symbol:   method builder()
[ERROR]   location: class com.dreamcatcher.entity.Notification
[ERROR] /C:/Users/Erol/.gemini/antigravity/scratch/dream-diary/backend/src/main/java/com/dreamcatcher/service/UserService.java:[181,49] cannot find symbol
[ERROR]   symbol:   method builder()
[ERROR]   location: class com.dreamcatcher.entity.Notification
[ERROR] /C:/Users/Erol/.gemini/antigravity/scratch/dream-diary/backend/src/main/java/com/dreamcatcher/service/UserService.java:[189,49] cannot find symbol
[ERROR]   symbol:   method builder()
[ERROR]   location: class com.dreamcatcher.entity.Notification
[ERROR] /C:/Users/Erol/.gemini/antigravity/scratch/dream-diary/backend/src/main/java/com/dreamcatcher/service/DreamService.java:[51,9] cannot find symbol
[ERROR]   symbol:   variable log
[ERROR]   location: class com.dreamcatcher.service.DreamService
[ERROR] /C:/Users/Erol/.gemini/antigravity/scratch/dream-diary/backend/src/main/java/com/dreamcatcher/service/DreamService.java:[67,28] cannot find symbol
[ERROR]   symbol:   method builder()
[ERROR]   location: class com.dreamcatcher.entity.Dream
[ERROR] /C:/Users/Erol/.gemini/antigravity/scratch/dream-diary/backend/src/main/java/com/dreamcatcher/service/DreamService.java:[81,53] cannot find symbol
[ERROR]   symbol:   method getId()
[ERROR]   location: variable dream of type com.dreamcatcher.entity.Dream
[ERROR] /C:/Users/Erol/.gemini/antigravity/scratch/dream-diary/backend/src/main/java/com/dreamcatcher/service/DreamService.java:[81,68] cannot find symbol
[ERROR]   symbol:   method getContent()
[ERROR]   location: variable dream of type com.dreamcatcher.entity.Dream
[ERROR] /C:/Users/Erol/.gemini/antigravity/scratch/dream-diary/backend/src/main/java/com/dreamcatcher/service/DreamService.java:[86,13] cannot find symbol
[ERROR]   symbol:   variable log
[ERROR]   location: class com.dreamcatcher.service.DreamService
[ERROR] /C:/Users/Erol/.gemini/antigravity/scratch/dream-diary/backend/src/main/java/com/dreamcatcher/service/DreamService.java:[90,9] cannot find symbol
[ERROR]   symbol:   variable log
[ERROR]   location: class com.dreamcatcher.service.DreamService
[ERROR] /C:/Users/Erol/.gemini/antigravity/scratch/dream-diary/backend/src/main/java/com/dreamcatcher/service/DreamService.java:[90,61] cannot find symbol
[ERROR]   symbol:   method getId()
[ERROR]   location: variable dream of type com.dreamcatcher.entity.Dream
[ERROR] /C:/Users/Erol/.gemini/antigravity/scratch/dream-diary/backend/src/main/java/com/dreamcatcher/service/DreamService.java:[90,76] cannot find symbol
[ERROR]   symbol:   method getWordCount()
[ERROR]   location: variable dream of type com.dreamcatcher.entity.Dream
[ERROR] /C:/Users/Erol/.gemini/antigravity/scratch/dream-diary/backend/src/main/java/com/dreamcatcher/service/DreamService.java:[114,40] cannot find symbol
[ERROR]   symbol:   method builder()
[ERROR]   location: class com.dreamcatcher.entity.Dream
[ERROR] -> [Help 1]
[ERROR] 
[ERROR] To see the full stack trace of the errors, re-run Maven with the -e switch.
[ERROR] Re-run Maven using the -X switch to enable full debug logging.
[ERROR] 
[ERROR] For more information about the errors and possible solutions, please read the following articles:
[ERROR] [Help 1] http://cwiki.apache.org/confluence/display/MAVEN/MojoFailureException
